The push refers to repository [registry.fly.io/tasknodeofficial-dev]
3f3c01e188b4: Preparing
e255d2cfbb23: Preparing
26f4c243cd87: Preparing
c28a8c971540: Preparing
19140edf9594: Preparing
412c85dc3a6c: Preparing
f0ab98d86093: Preparing
e76ad8419b1d: Preparing
26f4c243cd87: Waiting
5be3f28259eb: Preparing
c28a8c971540: Waiting
25933edb7b0b: Preparing
e7751858b4d2: Preparing
19140edf9594: Waiting
91dccd11e147: Preparing
412c85dc3a6c: Waiting
5a836add2ddb: Preparing
a1f42b356bc5: Preparing
f0ab98d86093: Waiting
bc8a08ec2c96: Preparing
afa543f85b46: Preparing
e255d2cfbb23: Waiting
25933edb7b0b: Waiting
e10358715ead: Preparing
4983b93ee796: Preparing
e76ad8419b1d: Waiting
29df493baa13: Preparing
5be3f28259eb: Waiting
a1f42b356bc5: Waiting
29df493baa13: Waiting
e7751858b4d2: Waiting
bc8a08ec2c96: Waiting
91dccd11e147: Waiting
afa543f85b46: Waiting
5a836add2ddb: Waiting
e10358715ead: Waiting
4983b93ee796: Waiting
5be3f28259eb: Layer already exists
91dccd11e147: Layer already exists
e7751858b4d2: Layer already exists
25933edb7b0b: Layer already exists
5a836add2ddb: Layer already exists
a1f42b356bc5: Layer already exists
afa543f85b46: Layer already exists
bc8a08ec2c96: Layer already exists
e10358715ead: Layer already exists
4983b93ee796: Layer already exists
29df493baa13: Layer already exists
e255d2cfbb23: Layer already exists
412c85dc3a6c: Layer already exists
26f4c243cd87: Layer already exists
c28a8c971540: Layer already exists
19140edf9594: Layer already exists
e76ad8419b1d: Layer already exists
f0ab98d86093: Layer already exists
3f3c01e188b4: Pushed
hive-allocation-api-20260919-v5: digest: sha256:8ab8360d693ffc11063c507fe070a107cfe607c6985b89b573f674eaa32eee19 size: 4299
