#0 building with "default" instance using docker driver

#1 [internal] load build definition from Dockerfile.api
#1 transferring dockerfile: 229B done
#1 DONE 0.0s

#2 [internal] load metadata for registry.fly.io/tasknodeofficial-dev:decisions-context-memory-20260919@sha256:5008851b189a96bb033d28ff816bc454d9298b5d0ba0921b82c9aa196b780d0c
#2 ...

#3 [auth] sharing credentials for registry.fly.io
#3 DONE 0.0s

#2 [internal] load metadata for registry.fly.io/tasknodeofficial-dev:decisions-context-memory-20260919@sha256:5008851b189a96bb033d28ff816bc454d9298b5d0ba0921b82c9aa196b780d0c
#2 DONE 1.1s

#4 [internal] load .dockerignore
#4 transferring context: 2B done
#4 DONE 0.0s

#5 [internal] load build context
#5 transferring context: 156.93kB 0.0s done
#5 DONE 0.1s

#6 [1/2] FROM registry.fly.io/tasknodeofficial-dev:decisions-context-memory-20260919@sha256:5008851b189a96bb033d28ff816bc454d9298b5d0ba0921b82c9aa196b780d0c
#6 resolve registry.fly.io/tasknodeofficial-dev:decisions-context-memory-20260919@sha256:5008851b189a96bb033d28ff816bc454d9298b5d0ba0921b82c9aa196b780d0c done
#6 sha256:10464893f519c09de289ff899fbfe9871e5f31ecb81fb46f247c899ed5501f78 0B / 84B 0.1s
#6 sha256:a564355d0af177c8a81cf73181b596dbbc363f21e9219e7b08f8ef2c221c2ed9 10.88kB / 10.88kB done
#6 sha256:5008851b189a96bb033d28ff816bc454d9298b5d0ba0921b82c9aa196b780d0c 4.09kB / 4.09kB done
#6 sha256:0cd9eb49fa07cb51d25249edc29494550f3f691ed7666032baeaabfa52fa7e55 0B / 2.71MB 0.1s
#6 sha256:10464893f519c09de289ff899fbfe9871e5f31ecb81fb46f247c899ed5501f78 84B / 84B 0.2s done
#6 sha256:70ad0e5a47a5c9e1a9408ae41671858401c4c08a766dc366b299bff2c46be5fb 0B / 58.92kB 0.3s
#6 extracting sha256:10464893f519c09de289ff899fbfe9871e5f31ecb81fb46f247c899ed5501f78 done
#6 sha256:dc26874d3712f1b72a4924a502b3fee627f96dad7ac1593fb92dfe69f5a59cfa 0B / 124.57MB 0.3s
#6 sha256:0cd9eb49fa07cb51d25249edc29494550f3f691ed7666032baeaabfa52fa7e55 2.71MB / 2.71MB 0.3s done
#6 extracting sha256:0cd9eb49fa07cb51d25249edc29494550f3f691ed7666032baeaabfa52fa7e55 0.0s done
#6 sha256:10de0fee0338b627914cbc120d9647d1067507f52505243d70e40e82cfa9607a 0B / 1.17MB 0.4s
#6 sha256:70ad0e5a47a5c9e1a9408ae41671858401c4c08a766dc366b299bff2c46be5fb 58.92kB / 58.92kB 0.5s done
#6 sha256:dc26874d3712f1b72a4924a502b3fee627f96dad7ac1593fb92dfe69f5a59cfa 10.49MB / 124.57MB 0.6s
#6 sha256:10de0fee0338b627914cbc120d9647d1067507f52505243d70e40e82cfa9607a 1.17MB / 1.17MB 0.5s done
#6 extracting sha256:70ad0e5a47a5c9e1a9408ae41671858401c4c08a766dc366b299bff2c46be5fb done
#6 sha256:ef730f329e0ebc46e05c44cbc9926fff589a1936c4c69574c880c005dc7a1602 0B / 934.76kB 0.5s
#6 sha256:749c75e1f88336affbb6ebf65767553124c01d1a9e74f95408ebe6ee3058d218 0B / 789.94kB 0.6s
#6 sha256:dc26874d3712f1b72a4924a502b3fee627f96dad7ac1593fb92dfe69f5a59cfa 32.51MB / 124.57MB 0.8s
#6 sha256:ef730f329e0ebc46e05c44cbc9926fff589a1936c4c69574c880c005dc7a1602 934.76kB / 934.76kB 0.6s done
#6 sha256:749c75e1f88336affbb6ebf65767553124c01d1a9e74f95408ebe6ee3058d218 789.94kB / 789.94kB 0.7s done
#6 sha256:3dec72cea19c8cba076edce1ec71695276c0ec7c6a0219e7dce1dd4337da32b4 9.91kB / 9.91kB 0.7s done
#6 sha256:3e4d683dcc2e7070e43455082205b906d154c393b4b418388158913169da7a38 0B / 859.92kB 0.8s
#6 sha256:d4f787e25fa5b5899ed74f2d9afcee891e718d5ae41311efb0f928237c049628 0B / 820.89kB 0.8s
#6 sha256:dc26874d3712f1b72a4924a502b3fee627f96dad7ac1593fb92dfe69f5a59cfa 49.28MB / 124.57MB 1.0s
#6 sha256:d4f787e25fa5b5899ed74f2d9afcee891e718d5ae41311efb0f928237c049628 820.89kB / 820.89kB 0.9s done
#6 sha256:a3c4e234f776d6b01b5d90aff01c5ca912e9a5010c3c9407196e269804a2b677 0B / 1.06kB 1.0s
#6 sha256:dc26874d3712f1b72a4924a502b3fee627f96dad7ac1593fb92dfe69f5a59cfa 72.35MB / 124.57MB 1.2s
#6 sha256:3e4d683dcc2e7070e43455082205b906d154c393b4b418388158913169da7a38 859.92kB / 859.92kB 1.2s
#6 sha256:a3c4e234f776d6b01b5d90aff01c5ca912e9a5010c3c9407196e269804a2b677 1.06kB / 1.06kB 1.1s done
#6 sha256:6e2c68983bde97fc8201d190133f83a450184c3c706b05fee76555de556afde6 2.54kB / 2.54kB 1.2s done
#6 sha256:4e302cec221b8b17cb7c95e30facb57d2e7d7932b65b9f0ffe42c81860278b53 0B / 298B 1.2s
#6 sha256:dc26874d3712f1b72a4924a502b3fee627f96dad7ac1593fb92dfe69f5a59cfa 95.42MB / 124.57MB 1.4s
#6 sha256:3e4d683dcc2e7070e43455082205b906d154c393b4b418388158913169da7a38 859.92kB / 859.92kB 1.2s done
#6 sha256:4e302cec221b8b17cb7c95e30facb57d2e7d7932b65b9f0ffe42c81860278b53 298B / 298B 1.3s done
#6 sha256:ee478aecc3dc262d3ee53609ad39eac00ce47aa4048b6716391620b02159776d 0B / 859.89kB 1.4s
#6 sha256:dc26874d3712f1b72a4924a502b3fee627f96dad7ac1593fb92dfe69f5a59cfa 101.71MB / 124.57MB 1.5s
#6 sha256:ee478aecc3dc262d3ee53609ad39eac00ce47aa4048b6716391620b02159776d 859.89kB / 859.89kB 1.5s done
#6 sha256:dc26874d3712f1b72a4924a502b3fee627f96dad7ac1593fb92dfe69f5a59cfa 109.05MB / 124.57MB 1.7s
#6 sha256:dc26874d3712f1b72a4924a502b3fee627f96dad7ac1593fb92dfe69f5a59cfa 124.57MB / 124.57MB 1.9s done
#6 extracting sha256:dc26874d3712f1b72a4924a502b3fee627f96dad7ac1593fb92dfe69f5a59cfa 0.1s
#6 extracting sha256:dc26874d3712f1b72a4924a502b3fee627f96dad7ac1593fb92dfe69f5a59cfa 2.7s done
#6 extracting sha256:10de0fee0338b627914cbc120d9647d1067507f52505243d70e40e82cfa9607a 0.1s
#6 extracting sha256:10de0fee0338b627914cbc120d9647d1067507f52505243d70e40e82cfa9607a 0.1s done
#6 extracting sha256:ef730f329e0ebc46e05c44cbc9926fff589a1936c4c69574c880c005dc7a1602 0.1s done
#6 extracting sha256:749c75e1f88336affbb6ebf65767553124c01d1a9e74f95408ebe6ee3058d218
#6 extracting sha256:749c75e1f88336affbb6ebf65767553124c01d1a9e74f95408ebe6ee3058d218 0.0s done
#6 extracting sha256:3dec72cea19c8cba076edce1ec71695276c0ec7c6a0219e7dce1dd4337da32b4 done
#6 extracting sha256:d4f787e25fa5b5899ed74f2d9afcee891e718d5ae41311efb0f928237c049628 0.0s done
#6 extracting sha256:3e4d683dcc2e7070e43455082205b906d154c393b4b418388158913169da7a38 0.0s done
#6 extracting sha256:a3c4e234f776d6b01b5d90aff01c5ca912e9a5010c3c9407196e269804a2b677 done
#6 extracting sha256:6e2c68983bde97fc8201d190133f83a450184c3c706b05fee76555de556afde6
#6 extracting sha256:6e2c68983bde97fc8201d190133f83a450184c3c706b05fee76555de556afde6 done
#6 extracting sha256:4e302cec221b8b17cb7c95e30facb57d2e7d7932b65b9f0ffe42c81860278b53 done
#6 extracting sha256:ee478aecc3dc262d3ee53609ad39eac00ce47aa4048b6716391620b02159776d 0.0s done
#6 DONE 5.2s

#7 [2/2] COPY --chown=node:node overlay/ /app/
#7 DONE 0.3s

#8 exporting to image
#8 exporting layers done
#8 writing image sha256:42e5ba7430d8e037b14ab8441f1c61aad2d6852f20f265786935d2b63755c882 done
#8 naming to registry.fly.io/tasknodeofficial-dev:hive-allocation-api-20260919 done
#8 DONE 0.0s
