#0 building with "default" instance using docker driver

#1 [internal] load build definition from Dockerfile.api
#1 transferring dockerfile: 229B done
#1 DONE 0.0s

#2 [auth] sharing credentials for registry.fly.io
#2 DONE 0.0s

#3 [internal] load metadata for registry.fly.io/tasknodeofficial-dev:decisions-context-memory-20260919@sha256:5008851b189a96bb033d28ff816bc454d9298b5d0ba0921b82c9aa196b780d0c
#3 DONE 0.1s

#4 [internal] load .dockerignore
#4 transferring context: 2B done
#4 DONE 0.0s

#5 [internal] load build context
#5 transferring context: 31.20kB done
#5 DONE 0.0s

#6 [1/2] FROM registry.fly.io/tasknodeofficial-dev:decisions-context-memory-20260919@sha256:5008851b189a96bb033d28ff816bc454d9298b5d0ba0921b82c9aa196b780d0c
#6 CACHED

#7 [2/2] COPY --chown=node:node overlay/ /app/
#7 DONE 0.0s

#8 exporting to image
#8 exporting layers 0.0s done
#8 writing image sha256:533abbf1419c1d984f2184eb1d254a2731b47bfb34bf50017fc9dd4c42205e7d done
#8 naming to registry.fly.io/tasknodeofficial-dev:hive-allocation-api-20260919-v6 done
#8 DONE 0.0s
