#0 building with "default" instance using docker driver

#1 [internal] load build definition from Dockerfile.api
#1 transferring dockerfile: 229B done
#1 DONE 0.0s

#2 [internal] load metadata for registry.fly.io/tasknodeofficial-dev:decisions-context-memory-20260919@sha256:5008851b189a96bb033d28ff816bc454d9298b5d0ba0921b82c9aa196b780d0c
#2 ...

#3 [auth] sharing credentials for registry.fly.io
#3 DONE 0.0s

#2 [internal] load metadata for registry.fly.io/tasknodeofficial-dev:decisions-context-memory-20260919@sha256:5008851b189a96bb033d28ff816bc454d9298b5d0ba0921b82c9aa196b780d0c
#2 DONE 0.5s

#4 [internal] load .dockerignore
#4 transferring context: 2B done
#4 DONE 0.0s

#5 [internal] load build context
#5 transferring context: 1.29kB done
#5 DONE 0.0s

#6 [1/2] FROM registry.fly.io/tasknodeofficial-dev:decisions-context-memory-20260919@sha256:5008851b189a96bb033d28ff816bc454d9298b5d0ba0921b82c9aa196b780d0c
#6 CACHED

#7 [2/2] COPY --chown=node:node overlay/ /app/
#7 DONE 0.0s

#8 exporting to image
#8 exporting layers done
#8 writing image sha256:daf618927b563e10719ba05c60b3874e559a0dbb79c56c32300607ca59de9265 done
#8 naming to registry.fly.io/tasknodeofficial-dev:hive-allocation-api-20260919-v7 done
#8 DONE 0.0s
