The push refers to repository [registry.fly.io/tasknodeofficial-dev]
485d27d1c919: Preparing
e255d2cfbb23: Preparing
26f4c243cd87: Preparing
c28a8c971540: Preparing
19140edf9594: Preparing
412c85dc3a6c: Preparing
f0ab98d86093: Preparing
e76ad8419b1d: Preparing
5be3f28259eb: Preparing
25933edb7b0b: Preparing
e7751858b4d2: Preparing
91dccd11e147: Preparing
5a836add2ddb: Preparing
a1f42b356bc5: Preparing
bc8a08ec2c96: Preparing
afa543f85b46: Preparing
e10358715ead: Preparing
4983b93ee796: Preparing
29df493baa13: Preparing
f0ab98d86093: Waiting
e76ad8419b1d: Waiting
5be3f28259eb: Waiting
afa543f85b46: Waiting
e10358715ead: Waiting
bc8a08ec2c96: Waiting
4983b93ee796: Waiting
29df493baa13: Waiting
25933edb7b0b: Waiting
e7751858b4d2: Waiting
91dccd11e147: Waiting
5a836add2ddb: Waiting
a1f42b356bc5: Waiting
412c85dc3a6c: Waiting
e255d2cfbb23: Layer already exists
19140edf9594: Layer already exists
26f4c243cd87: Layer already exists
c28a8c971540: Layer already exists
412c85dc3a6c: Layer already exists
5be3f28259eb: Layer already exists
f0ab98d86093: Layer already exists
e76ad8419b1d: Layer already exists
e7751858b4d2: Layer already exists
a1f42b356bc5: Layer already exists
25933edb7b0b: Layer already exists
91dccd11e147: Layer already exists
5a836add2ddb: Layer already exists
bc8a08ec2c96: Layer already exists
afa543f85b46: Layer already exists
e10358715ead: Layer already exists
4983b93ee796: Layer already exists
29df493baa13: Layer already exists
485d27d1c919: Pushed
hive-allocation-api-20260919-v2: digest: sha256:58f0e91b66d1843e07ec1b848db35d518b779d15830d53e6dbdf03b6b563523a size: 4299
