#0 building with "default" instance using docker driver

#1 [internal] load build definition from Dockerfile.api
#1 transferring dockerfile: 229B done
#1 DONE 0.0s

#2 [internal] load metadata for registry.fly.io/tasknodeofficial-dev:decisions-context-memory-20260919@sha256:5008851b189a96bb033d28ff816bc454d9298b5d0ba0921b82c9aa196b780d0c
#2 DONE 0.0s

#3 [internal] load .dockerignore
#3 transferring context: 2B done
#3 DONE 0.0s

#4 [internal] load build context
#4 transferring context: 30.07kB done
#4 DONE 0.0s

#5 [1/2] FROM registry.fly.io/tasknodeofficial-dev:decisions-context-memory-20260919@sha256:5008851b189a96bb033d28ff816bc454d9298b5d0ba0921b82c9aa196b780d0c
#5 CACHED

#6 [2/2] COPY --chown=node:node overlay/ /app/
#6 DONE 0.0s

#7 exporting to image
#7 exporting layers 0.0s done
#7 writing image sha256:fec5b15b6ae8aa55420b41e6da7687fc2511488f2b1f2b15de1e4cd333cb319f done
#7 naming to registry.fly.io/tasknodeofficial-dev:hive-allocation-api-20260919-v5 done
#7 DONE 0.0s
