The push refers to repository [registry.fly.io/tasknodeofficial-dev]
83123a0d2cc8: Preparing
5be3f28259eb: Preparing
25933edb7b0b: Preparing
e7751858b4d2: Preparing
91dccd11e147: Preparing
5a836add2ddb: Preparing
a1f42b356bc5: Preparing
bc8a08ec2c96: Preparing
afa543f85b46: Preparing
e10358715ead: Preparing
4983b93ee796: Preparing
29df493baa13: Preparing
5a836add2ddb: Waiting
afa543f85b46: Waiting
e10358715ead: Waiting
a1f42b356bc5: Waiting
bc8a08ec2c96: Waiting
29df493baa13: Waiting
4983b93ee796: Waiting
91dccd11e147: Layer already exists
5a836add2ddb: Layer already exists
5be3f28259eb: Layer already exists
25933edb7b0b: Layer already exists
e7751858b4d2: Layer already exists
a1f42b356bc5: Layer already exists
afa543f85b46: Layer already exists
bc8a08ec2c96: Layer already exists
e10358715ead: Layer already exists
4983b93ee796: Layer already exists
29df493baa13: Layer already exists
83123a0d2cc8: Pushed
hive-allocation-review-20260919: digest: sha256:2211ee5a39c7bc8281255134e2960fad5a386bcd06b38342387b5ecffc2f60b2 size: 2836
