#0 building with "default" instance using docker driver

#1 [internal] load build definition from Dockerfile.review
#1 transferring dockerfile: 230B done
#1 DONE 0.0s

#2 [auth] sharing credentials for registry.fly.io
#2 DONE 0.0s

#3 [internal] load metadata for registry.fly.io/tasknodeofficial-dev:deployment-01M29XS3HAAT42NSQBHV58YWRG
#3 DONE 0.7s

#4 [internal] load .dockerignore
#4 transferring context: 2B done
#4 DONE 0.0s

#5 [internal] load build context
#5 transferring context: 125B done
#5 DONE 0.0s

#6 [1/2] FROM registry.fly.io/tasknodeofficial-dev:deployment-01M29XS3HAAT42NSQBHV58YWRG@sha256:afce43f81a1a7fa554ffbbf2b76460810cc191d8c2ccf6b2c94777478d711aaf
#6 resolve registry.fly.io/tasknodeofficial-dev:deployment-01M29XS3HAAT42NSQBHV58YWRG@sha256:afce43f81a1a7fa554ffbbf2b76460810cc191d8c2ccf6b2c94777478d711aaf done
#6 sha256:afce43f81a1a7fa554ffbbf2b76460810cc191d8c2ccf6b2c94777478d711aaf 2.39kB / 2.39kB done
#6 sha256:3b91f9cb06cd401c73b5c6006de3b08edeee791af0f826ee6d68e439723b16ad 8.91kB / 8.91kB done
#6 DONE 0.0s

#7 [2/2] COPY --chown=node:node overlay/server/offchain-task-lifecycle.js /app/server/offchain-task-lifecycle.js
#7 DONE 0.0s

#8 exporting to image
#8 exporting layers done
#8 writing image sha256:63150eed23a2420953484d2a11b624b6ef5d5472ebdbb07455214bf54ea1611e done
#8 naming to registry.fly.io/tasknodeofficial-dev:hive-allocation-review-20260919 done
#8 DONE 0.0s
