{
  "ok": true,
  "regressions": [
    {
      "case": "supervisor_recovery",
      "pass": true,
      "horizonsDays": [
        1,
        9,
        30
      ],
      "cooldownMinutes": [
        15,
        30,
        60,
        120,
        240,
        360
      ],
      "busyAndStaleTerminalBlocked": true,
      "monotonicDeliveryIds": true
    },
    {
      "case": "typed_intent_failures",
      "pass": true,
      "transportCausesPreserved": true,
      "invalidSchemaRetries": true,
      "authenticationStops": true,
      "semanticJudgmentsPreserved": true
    },
    {
      "case": "complete_candidate_coverage",
      "pass": true,
      "eligible": 103,
      "surfacedOnEveryRound": 103,
      "restrictedLastMemberSurfaced": true,
      "revokedBadgeExcluded": true
    },
    {
      "case": "exhausted_queue_recovery",
      "pass": true,
      "reconciled": "failed",
      "ownerRetry": "queued",
      "lifetimeAttempts": 4,
      "retryCycleAttempts": 1,
      "existingOfferProtected": true
    },
    {
      "case": "durable_retry_policy",
      "pass": true,
      "providerAttemptsBoundedAt": 3,
      "semanticHoldAttempts": 1,
      "staleAttemptsFenced": true,
      "typedCausePersisted": true
    }
  ],
  "productionMutations": 0
}
