The push refers to repository [registry.fly.io/tasknodeofficial-dev]
c891f4368c25: Preparing
5f70bf18a086: Preparing
e445784021ee: Preparing
b1178245e89b: Preparing
de07119083ba: Preparing
5be3f28259eb: Preparing
5f70bf18a086: Waiting
25933edb7b0b: Preparing
e7751858b4d2: Preparing
91dccd11e147: Preparing
b1178245e89b: Waiting
e445784021ee: Waiting
5a836add2ddb: Preparing
25933edb7b0b: Waiting
5be3f28259eb: Waiting
a1f42b356bc5: Preparing
e7751858b4d2: Waiting
de07119083ba: Waiting
bc8a08ec2c96: Preparing
91dccd11e147: Waiting
afa543f85b46: Preparing
a1f42b356bc5: Waiting
5a836add2ddb: Waiting
e10358715ead: Preparing
bc8a08ec2c96: Waiting
4983b93ee796: Preparing
afa543f85b46: Waiting
29df493baa13: Preparing
29df493baa13: Waiting
e10358715ead: Waiting
4983b93ee796: Waiting
5be3f28259eb: Layer already exists
5a836add2ddb: Layer already exists
25933edb7b0b: Layer already exists
e7751858b4d2: Layer already exists
bc8a08ec2c96: Layer already exists
afa543f85b46: Layer already exists
91dccd11e147: Layer already exists
4983b93ee796: Layer already exists
a1f42b356bc5: Layer already exists
e10358715ead: Layer already exists
29df493baa13: Layer already exists
5f70bf18a086: Layer already exists
e445784021ee: Layer already exists
b1178245e89b: Layer already exists
de07119083ba: Layer already exists
c891f4368c25: Pushed
hive-allocation-worker-20260919-v4: digest: sha256:b218e7262e936ec3be32328c9c7fde8835ce3831ca9d7772d9a3258b066a7264 size: 3668
