#0 building with "default" instance using docker driver

#1 [internal] load build definition from Dockerfile.worker
#1 transferring dockerfile: 227B done
#1 DONE 0.0s

#2 [internal] load metadata for registry.fly.io/tasknodeofficial-dev:task-step-readiness-20260916@sha256:ee2d49c37ec2707e19a43eb8689a7490040939223614e80e1c433f722feb34a9
#2 DONE 0.4s

#3 [auth] sharing credentials for registry.fly.io
#3 DONE 0.0s

#4 [internal] load .dockerignore
#4 transferring context: 2B done
#4 DONE 0.0s

#5 [internal] load build context
#5 transferring context: 36.49kB done
#5 DONE 0.0s

#6 [1/2] FROM registry.fly.io/tasknodeofficial-dev:task-step-readiness-20260916@sha256:ee2d49c37ec2707e19a43eb8689a7490040939223614e80e1c433f722feb34a9
#6 CACHED

#7 [2/2] COPY --chown=node:node overlay/ /app/
#7 DONE 0.0s

#8 exporting to image
#8 exporting layers done
#8 writing image sha256:e0513eb386bf22e216a4f0fb21c4242503bb869da1be0217baead1f320d8fcf3 done
#8 naming to registry.fly.io/tasknodeofficial-dev:hive-allocation-worker-20260919-v7 done
#8 DONE 0.0s
