#0 building with "default" instance using docker driver

#1 [internal] load build definition from Dockerfile.worker
#1 transferring dockerfile: 227B done
#1 DONE 0.0s

#2 [auth] sharing credentials for registry.fly.io
#2 DONE 0.0s

#3 [internal] load metadata for registry.fly.io/tasknodeofficial-dev:task-step-readiness-20260916@sha256:ee2d49c37ec2707e19a43eb8689a7490040939223614e80e1c433f722feb34a9
#3 DONE 0.7s

#4 [internal] load .dockerignore
#4 transferring context: 2B done
#4 DONE 0.0s

#5 [internal] load build context
#5 transferring context: 688B done
#5 DONE 0.0s

#6 [1/2] FROM registry.fly.io/tasknodeofficial-dev:task-step-readiness-20260916@sha256:ee2d49c37ec2707e19a43eb8689a7490040939223614e80e1c433f722feb34a9
#6 resolve registry.fly.io/tasknodeofficial-dev:task-step-readiness-20260916@sha256:ee2d49c37ec2707e19a43eb8689a7490040939223614e80e1c433f722feb34a9 done
#6 sha256:06804116c9bdeb3980e8fa55d69854e7242bbf685b026195281e2397bb411b5d 0B / 1.80kB 0.1s
#6 sha256:8e84a392bed15b3eb20917622e2b07378b31eae515292318a6b99d8983d55e33 0B / 6.45kB 0.1s
#6 sha256:11932b91c99280ee7974fdc89ce2942001a2206be6c35311bd40b6d62b891c0b 0B / 1.06kB 0.1s
#6 sha256:ee2d49c37ec2707e19a43eb8689a7490040939223614e80e1c433f722feb34a9 3.15kB / 3.15kB done
#6 sha256:d5d6caebe14e4cba1a8c8869c496b1106800823d343e7c1fe710bde14a2d8d7f 10.07kB / 10.07kB done
#6 sha256:06804116c9bdeb3980e8fa55d69854e7242bbf685b026195281e2397bb411b5d 1.80kB / 1.80kB 0.1s done
#6 extracting sha256:06804116c9bdeb3980e8fa55d69854e7242bbf685b026195281e2397bb411b5d done
#6 sha256:2c1ce468d9f3d941396801f6e3afc8921466650dd05430fe644cd3537713d27f 0B / 16B 0.2s
#6 sha256:8e84a392bed15b3eb20917622e2b07378b31eae515292318a6b99d8983d55e33 6.45kB / 6.45kB 0.3s done
#6 extracting sha256:8e84a392bed15b3eb20917622e2b07378b31eae515292318a6b99d8983d55e33 done
#6 extracting sha256:11932b91c99280ee7974fdc89ce2942001a2206be6c35311bd40b6d62b891c0b
#6 sha256:11932b91c99280ee7974fdc89ce2942001a2206be6c35311bd40b6d62b891c0b 1.06kB / 1.06kB 0.3s done
#6 sha256:2c1ce468d9f3d941396801f6e3afc8921466650dd05430fe644cd3537713d27f 16B / 16B 0.4s done
#6 extracting sha256:11932b91c99280ee7974fdc89ce2942001a2206be6c35311bd40b6d62b891c0b done
#6 extracting sha256:2c1ce468d9f3d941396801f6e3afc8921466650dd05430fe644cd3537713d27f done
#6 DONE 0.5s

#7 [2/2] COPY --chown=node:node overlay/ /app/
#7 DONE 0.1s

#8 exporting to image
#8 exporting layers 0.0s done
#8 writing image sha256:8c9f091138af7cd17394c9bb7e28d3d1ca173c7d06e877f251d512b4bbfeaab7 done
#8 naming to registry.fly.io/tasknodeofficial-dev:hive-allocation-worker-20260919 done
#8 DONE 0.0s
